// Jest Snapshot v1, https://goo.gl/fbAQLP

exports[`<PageTemplate /> renders and matches snapshot 1`] = `
<Layout
  description="test"
  title="test - Test title"
>
  <Sidebar />
  <Page
    title="test"
  >
    <div
      dangerouslySetInnerHTML={
        Object {
          "__html": "<p>test</p>",
        }
      }
    />
  </Page>
</Layout>
`;
